No tasks found to test update.
